python: /home/scratch.bingyiz_gpu_2/projects/triton/third_party/nvidia/lib/TritonNVIDIAGPUToLLVM/LoadStoreOpToLLVM.cpp:1202: {anonymous}::AsyncCopyGlobalToLocalOpConversion::matchAndRewrite(mlir::triton::gpu::AsyncCopyGlobalToLocalOp, mlir::ConvertOpToLLVMPattern<mlir::triton::gpu::AsyncCopyGlobalToLocalOp>::OpAdaptor, mlir::ConversionPatternRewriter&) const::<lambda(mlir::RewriterBase&, mlir::Location, llvm::ArrayRef<mlir::Value>, mlir::Value, int, mlir::VectorType)>: Assertion `nBytes == 16 || nBytes == 8 || nBytes == 4' failed.
#blocked = #ttg.blocked<{sizePerThread = [1, 8], threadsPerWarp = [4, 8], warpsPerCTA = [8, 1], order = [1, 0]}>
#blocked1 = #ttg.blocked<{sizePerThread = [8, 1], threadsPerWarp = [8, 4], warpsPerCTA = [1, 8], order = [0, 1]}>
#blocked2 = #ttg.blocked<{sizePerThread = [1, 8], threadsPerWarp = [1, 32], warpsPerCTA = [8, 1], order = [1, 0]}>
#linear = #ttg.linear<{register = [[0, 1], [0, 2], [0, 4], [0, 8], [0, 16], [0, 32], [0, 64]], lane = [[1, 0], [2, 0], [4, 0], [8, 0], [16, 0]], warp = [[32, 0], [64, 0], [0, 128]], block = []}>
#shared = #ttg.nvmma_shared<{swizzlingByteWidth = 128, transposed = false, elementBitWidth = 16}>
#shared1 = #ttg.swizzled_shared<{vec = 1, perPhase = 1, maxPhase = 1, order = [0]}>
#smem = #ttg.shared_memory
#tmem = #ttng.tensor_memory_encoding<blockM = 128, blockN = 256, colStride = 1>
module attributes {"ttg.num-ctas" = 1 : i32, "ttg.num-warps" = 8 : i32, ttg.target = "cuda:100", "ttg.threads-per-warp" = 32 : i32} {
  tt.func public @implicit_gemm_conv2d_gluon_kernel(%arg0: !tt.ptr<f16> {tt.divisibility = 16 : i32}, %arg1: !tt.ptr<f16> {tt.divisibility = 16 : i32}, %arg2: !tt.ptr<f16> {tt.divisibility = 16 : i32}, %arg3: i32 {tt.divisibility = 16 : i32}, %arg4: i32 {tt.divisibility = 16 : i32}, %arg5: i32 {tt.divisibility = 16 : i32}, %arg6: i32 {tt.divisibility = 16 : i32}, %arg7: i32 {tt.divisibility = 16 : i32}, %arg8: i32 {tt.divisibility = 16 : i32}, %arg9: i32 {tt.divisibility = 16 : i32}, %arg10: i32 {tt.divisibility = 16 : i32}, %arg11: i32 {tt.divisibility = 16 : i32}, %arg12: i32 {tt.divisibility = 16 : i32}, %arg13: i32 {tt.divisibility = 16 : i32}, %arg14: i32 {tt.divisibility = 16 : i32}, %arg15: i32 {tt.divisibility = 16 : i32}, %arg16: i32 {tt.divisibility = 16 : i32}, %arg17: i32 {tt.divisibility = 16 : i32}) attributes {noinline = false} {
    %c127_i32 = arith.constant 127 : i32
    %c128_i32 = arith.constant 128 : i32
    %c255_i32 = arith.constant 255 : i32
    %c256_i32 = arith.constant 256 : i32
    %c4_i32 = arith.constant 4 : i32
    %c0_i32 = arith.constant 0 : i32
    %false = arith.constant false
    %c3456_i32 = arith.constant 3456 : i32
    %c64_i32 = arith.constant 64 : i32
    %cst = arith.constant dense<384> : tensor<64xi32, #ttg.slice<{dim = 0, parent = #blocked}>>
    %cst_0 = arith.constant dense<3> : tensor<64xi32, #ttg.slice<{dim = 0, parent = #blocked}>>
    %cst_1 = arith.constant dense<384> : tensor<64xi32, #ttg.slice<{dim = 1, parent = #blocked1}>>
    %cst_2 = arith.constant dense<3> : tensor<64xi32, #ttg.slice<{dim = 1, parent = #blocked1}>>
    %cst_3 = arith.constant dense<1> : tensor<128x64xi32, #blocked>
    %cst_4 = arith.constant dense<0> : tensor<128x64xi32, #blocked>
    %true = arith.constant true
    %c1_i32 = arith.constant 1 : i32
    %0 = tt.get_program_id x : i32
    %1 = arith.muli %arg3, %arg7 : i32
    %2 = arith.muli %1, %arg8 : i32
    %3 = arith.addi %2, %c127_i32 : i32
    %4 = arith.divsi %3, %c128_i32 : i32
    %5 = arith.addi %arg6, %c255_i32 : i32
    %6 = arith.divsi %5, %c256_i32 : i32
    %7 = arith.muli %6, %c4_i32 : i32
    %8 = arith.divsi %0, %7 : i32
    %9 = arith.muli %8, %c4_i32 : i32
    %10 = arith.subi %4, %9 : i32
    %11 = arith.minsi %10, %c4_i32 : i32
    %12 = arith.remsi %0, %11 : i32
    %13 = arith.addi %9, %12 : i32
    %14 = arith.remsi %0, %7 : i32
    %15 = arith.divsi %14, %11 : i32
    %16 = arith.muli %13, %c128_i32 : i32
    %17 = arith.muli %15, %c256_i32 : i32
    %18 = tt.make_range {end = 128 : i32, start = 0 : i32} : tensor<128xi32, #ttg.slice<{dim = 1, parent = #blocked}>>
    %19 = tt.splat %16 : i32 -> tensor<128xi32, #ttg.slice<{dim = 1, parent = #blocked}>>
    %20 = arith.addi %19, %18 : tensor<128xi32, #ttg.slice<{dim = 1, parent = #blocked}>>
    %21 = ttg.convert_layout %20 : tensor<128xi32, #ttg.slice<{dim = 1, parent = #blocked}>> -> tensor<128xi32, #ttg.slice<{dim = 1, parent = #blocked}>>
    %22 = tt.make_range {end = 256 : i32, start = 0 : i32} : tensor<256xi32, #ttg.slice<{dim = 0, parent = #blocked1}>>
    %23 = tt.splat %17 : i32 -> tensor<256xi32, #ttg.slice<{dim = 0, parent = #blocked1}>>
    %24 = arith.addi %23, %22 : tensor<256xi32, #ttg.slice<{dim = 0, parent = #blocked1}>>
    %25 = ttg.convert_layout %24 : tensor<256xi32, #ttg.slice<{dim = 0, parent = #blocked1}>> -> tensor<256xi32, #ttg.slice<{dim = 0, parent = #blocked1}>>
    %26 = arith.muli %arg7, %arg8 : i32
    %27 = tt.splat %26 : i32 -> tensor<128xi32, #ttg.slice<{dim = 1, parent = #blocked}>>
    %28 = arith.divsi %21, %27 : tensor<128xi32, #ttg.slice<{dim = 1, parent = #blocked}>>
    %29 = arith.remsi %21, %27 : tensor<128xi32, #ttg.slice<{dim = 1, parent = #blocked}>>
    %30 = tt.splat %arg8 : i32 -> tensor<128xi32, #ttg.slice<{dim = 1, parent = #blocked}>>
    %31 = arith.divsi %29, %30 : tensor<128xi32, #ttg.slice<{dim = 1, parent = #blocked}>>
    %32 = arith.remsi %29, %30 : tensor<128xi32, #ttg.slice<{dim = 1, parent = #blocked}>>
    %33 = ttg.local_alloc : () -> !ttg.memdesc<128x64xf16, #shared, #smem, mutable>
    %34 = ttg.local_alloc : () -> !ttg.memdesc<64x256xf16, #shared, #smem, mutable>
    %result = ttng.tmem_alloc : () -> !ttg.memdesc<128x256xf32, #tmem, #ttng.tensor_memory, mutable>
    %35 = ttg.local_alloc : () -> !ttg.memdesc<1xi64, #shared1, #smem, mutable>
    ttng.init_barrier %35, 1 : !ttg.memdesc<1xi64, #shared1, #smem, mutable>
    %36:2 = scf.for %arg18 = %c0_i32 to %c3456_i32 step %c64_i32 iter_args(%arg19 = %c0_i32, %arg20 = %false) -> (i32, i1)  : i32 {
      %80 = tt.make_range {end = 64 : i32, start = 0 : i32} : tensor<64xi32, #ttg.slice<{dim = 0, parent = #blocked}>>
      %81 = tt.splat %arg18 : i32 -> tensor<64xi32, #ttg.slice<{dim = 0, parent = #blocked}>>
      %82 = arith.addi %81, %80 : tensor<64xi32, #ttg.slice<{dim = 0, parent = #blocked}>>
      %83 = ttg.convert_layout %82 : tensor<64xi32, #ttg.slice<{dim = 0, parent = #blocked}>> -> tensor<64xi32, #ttg.slice<{dim = 0, parent = #blocked}>>
      %84 = tt.make_range {end = 64 : i32, start = 0 : i32} : tensor<64xi32, #ttg.slice<{dim = 1, parent = #blocked1}>>
      %85 = tt.splat %arg18 : i32 -> tensor<64xi32, #ttg.slice<{dim = 1, parent = #blocked1}>>
      %86 = arith.addi %85, %84 : tensor<64xi32, #ttg.slice<{dim = 1, parent = #blocked1}>>
      %87 = ttg.convert_layout %86 : tensor<64xi32, #ttg.slice<{dim = 1, parent = #blocked1}>> -> tensor<64xi32, #ttg.slice<{dim = 1, parent = #blocked1}>>
      %88 = arith.remsi %83, %cst : tensor<64xi32, #ttg.slice<{dim = 0, parent = #blocked}>>
      %89 = arith.divsi %83, %cst : tensor<64xi32, #ttg.slice<{dim = 0, parent = #blocked}>>
      %90 = arith.remsi %89, %cst_0 : tensor<64xi32, #ttg.slice<{dim = 0, parent = #blocked}>>
      %91 = arith.divsi %89, %cst_0 : tensor<64xi32, #ttg.slice<{dim = 0, parent = #blocked}>>
      %92 = arith.remsi %87, %cst_1 : tensor<64xi32, #ttg.slice<{dim = 1, parent = #blocked1}>>
      %93 = arith.divsi %87, %cst_1 : tensor<64xi32, #ttg.slice<{dim = 1, parent = #blocked1}>>
      %94 = arith.remsi %93, %cst_2 : tensor<64xi32, #ttg.slice<{dim = 1, parent = #blocked1}>>
      %95 = arith.divsi %93, %cst_2 : tensor<64xi32, #ttg.slice<{dim = 1, parent = #blocked1}>>
      %96 = tt.expand_dims %31 {axis = 1 : i32} : tensor<128xi32, #ttg.slice<{dim = 1, parent = #blocked}>> -> tensor<128x1xi32, #blocked>
      %97 = tt.expand_dims %91 {axis = 0 : i32} : tensor<64xi32, #ttg.slice<{dim = 0, parent = #blocked}>> -> tensor<1x64xi32, #blocked>
      %98 = tt.broadcast %96 : tensor<128x1xi32, #blocked> -> tensor<128x64xi32, #blocked>
      %99 = tt.broadcast %97 : tensor<1x64xi32, #blocked> -> tensor<128x64xi32, #blocked>
      %100 = arith.addi %98, %99 : tensor<128x64xi32, #blocked>
      %101 = arith.subi %100, %cst_3 : tensor<128x64xi32, #blocked>
      %102 = tt.expand_dims %32 {axis = 1 : i32} : tensor<128xi32, #ttg.slice<{dim = 1, parent = #blocked}>> -> tensor<128x1xi32, #blocked>
      %103 = tt.expand_dims %90 {axis = 0 : i32} : tensor<64xi32, #ttg.slice<{dim = 0, parent = #blocked}>> -> tensor<1x64xi32, #blocked>
      %104 = tt.broadcast %102 : tensor<128x1xi32, #blocked> -> tensor<128x64xi32, #blocked>
      %105 = tt.broadcast %103 : tensor<1x64xi32, #blocked> -> tensor<128x64xi32, #blocked>
      %106 = arith.addi %104, %105 : tensor<128x64xi32, #blocked>
      %107 = arith.subi %106, %cst_3 : tensor<128x64xi32, #blocked>
      %108 = arith.cmpi sge, %101, %cst_4 : tensor<128x64xi32, #blocked>
      %109 = tt.splat %arg4 : i32 -> tensor<128x64xi32, #blocked>
      %110 = arith.cmpi slt, %101, %109 : tensor<128x64xi32, #blocked>
      %111 = arith.andi %108, %110 : tensor<128x64xi1, #blocked>
      %112 = arith.cmpi sge, %107, %cst_4 : tensor<128x64xi32, #blocked>
      %113 = tt.splat %arg5 : i32 -> tensor<128x64xi32, #blocked>
      %114 = arith.cmpi slt, %107, %113 : tensor<128x64xi32, #blocked>
      %115 = arith.andi %112, %114 : tensor<128x64xi1, #blocked>
      %116 = tt.expand_dims %28 {axis = 1 : i32} : tensor<128xi32, #ttg.slice<{dim = 1, parent = #blocked}>> -> tensor<128x1xi32, #blocked>
      %117 = tt.splat %arg3 : i32 -> tensor<128x1xi32, #blocked>
      %118 = arith.cmpi slt, %116, %117 : tensor<128x1xi32, #blocked>
      %119 = arith.andi %111, %115 : tensor<128x64xi1, #blocked>
      %120 = tt.broadcast %118 : tensor<128x1xi1, #blocked> -> tensor<128x64xi1, #blocked>
      %121 = arith.andi %119, %120 : tensor<128x64xi1, #blocked>
      %122 = ttg.convert_layout %121 {tt.constancy = dense<[1, 8]> : tensor<2xi32>} : tensor<128x64xi1, #blocked> -> tensor<128x64xi1, #blocked>
      %123 = tt.splat %arg9 : i32 -> tensor<128x1xi32, #blocked>
      %124 = arith.muli %116, %123 : tensor<128x1xi32, #blocked>
      %125 = tt.splat %arg10 : i32 -> tensor<128x64xi32, #blocked>
      %126 = arith.muli %101, %125 : tensor<128x64xi32, #blocked>
      %127 = tt.broadcast %124 : tensor<128x1xi32, #blocked> -> tensor<128x64xi32, #blocked>
      %128 = arith.addi %127, %126 : tensor<128x64xi32, #blocked>
      %129 = tt.splat %arg11 : i32 -> tensor<128x64xi32, #blocked>
      %130 = arith.muli %107, %129 : tensor<128x64xi32, #blocked>
      %131 = arith.addi %128, %130 : tensor<128x64xi32, #blocked>
      %132 = tt.expand_dims %88 {axis = 0 : i32} : tensor<64xi32, #ttg.slice<{dim = 0, parent = #blocked}>> -> tensor<1x64xi32, #blocked>
      %133 = tt.broadcast %132 : tensor<1x64xi32, #blocked> -> tensor<128x64xi32, #blocked>
      %134 = arith.addi %131, %133 : tensor<128x64xi32, #blocked>
      %135 = ttg.convert_layout %134 : tensor<128x64xi32, #blocked> -> tensor<128x64xi32, #blocked>
      %136 = tt.splat %arg0 : !tt.ptr<f16> -> tensor<128x64x!tt.ptr<f16>, #blocked>
      %137 = tt.addptr %136, %135 : tensor<128x64x!tt.ptr<f16>, #blocked>, tensor<128x64xi32, #blocked>
      %138 = ttg.async_copy_global_to_local %137, %33 mask %122 : tensor<128x64x!tt.ptr<f16>, #blocked> -> <128x64xf16, #shared, #smem, mutable>
      %139 = tt.expand_dims %25 {axis = 0 : i32} : tensor<256xi32, #ttg.slice<{dim = 0, parent = #blocked1}>> -> tensor<1x256xi32, #blocked1>
      %140 = tt.splat %arg12 : i32 -> tensor<1x256xi32, #blocked1>
      %141 = arith.muli %139, %140 : tensor<1x256xi32, #blocked1>
      %142 = tt.expand_dims %95 {axis = 1 : i32} : tensor<64xi32, #ttg.slice<{dim = 1, parent = #blocked1}>> -> tensor<64x1xi32, #blocked1>
      %143 = tt.splat %arg13 : i32 -> tensor<64x1xi32, #blocked1>
      %144 = arith.muli %142, %143 : tensor<64x1xi32, #blocked1>
      %145 = tt.broadcast %141 : tensor<1x256xi32, #blocked1> -> tensor<64x256xi32, #blocked1>
      %146 = tt.broadcast %144 : tensor<64x1xi32, #blocked1> -> tensor<64x256xi32, #blocked1>
      %147 = arith.addi %145, %146 : tensor<64x256xi32, #blocked1>
      %148 = tt.expand_dims %94 {axis = 1 : i32} : tensor<64xi32, #ttg.slice<{dim = 1, parent = #blocked1}>> -> tensor<64x1xi32, #blocked1>
      %149 = tt.splat %arg14 : i32 -> tensor<64x1xi32, #blocked1>
      %150 = arith.muli %148, %149 : tensor<64x1xi32, #blocked1>
      %151 = tt.broadcast %150 : tensor<64x1xi32, #blocked1> -> tensor<64x256xi32, #blocked1>
      %152 = arith.addi %147, %151 : tensor<64x256xi32, #blocked1>
      %153 = tt.expand_dims %92 {axis = 1 : i32} : tensor<64xi32, #ttg.slice<{dim = 1, parent = #blocked1}>> -> tensor<64x1xi32, #blocked1>
      %154 = tt.broadcast %153 : tensor<64x1xi32, #blocked1> -> tensor<64x256xi32, #blocked1>
      %155 = arith.addi %152, %154 : tensor<64x256xi32, #blocked1>
      %156 = ttg.convert_layout %155 : tensor<64x256xi32, #blocked1> -> tensor<64x256xi32, #blocked1>
      %157 = tt.splat %arg6 : i32 -> tensor<1x256xi32, #blocked1>
      %158 = arith.cmpi slt, %139, %157 : tensor<1x256xi32, #blocked1>
      %159 = ttg.convert_layout %158 {tt.constancy = dense<[8, 1]> : tensor<2xi32>} : tensor<1x256xi1, #blocked1> -> tensor<1x256xi1, #blocked1>
      %160 = tt.splat %arg1 : !tt.ptr<f16> -> tensor<64x256x!tt.ptr<f16>, #blocked1>
      %161 = tt.addptr %160, %156 : tensor<64x256x!tt.ptr<f16>, #blocked1>, tensor<64x256xi32, #blocked1>
      %162 = tt.broadcast %159 : tensor<1x256xi1, #blocked1> -> tensor<64x256xi1, #blocked1>
      %163 = ttg.async_copy_global_to_local %161, %34 mask %162 : tensor<64x256x!tt.ptr<f16>, #blocked1> -> <64x256xf16, #shared, #smem, mutable>
      %164 = ttg.async_commit_group
      %165 = ttg.async_wait {num = 0 : i32}
      ttng.fence_async_shared {bCluster = false}
      %166 = ttng.tc_gen5_mma %33, %34, %result[], %arg20, %true : !ttg.memdesc<128x64xf16, #shared, #smem, mutable>, !ttg.memdesc<64x256xf16, #shared, #smem, mutable>, !ttg.memdesc<128x256xf32, #tmem, #ttng.tensor_memory, mutable>
      ttng.tc_gen5_commit %35 : !ttg.memdesc<1xi64, #shared1, #smem, mutable>
      ttng.wait_barrier %35, %arg19, %true : !ttg.memdesc<1xi64, #shared1, #smem, mutable>
      %167 = arith.xori %arg19, %c1_i32 : i32
      scf.yield %167, %true : i32, i1
    }
    ttng.inval_barrier %35 : !ttg.memdesc<1xi64, #shared1, #smem, mutable>
    %result_5 = ttng.tmem_load %result : !ttg.memdesc<128x256xf32, #tmem, #ttng.tensor_memory, mutable> -> tensor<128x256xf32, #linear>
    %37 = arith.truncf %result_5 : tensor<128x256xf32, #linear> to tensor<128x256xf16, #linear>
    %38 = tt.make_range {end = 128 : i32, start = 0 : i32} : tensor<128xi32, #ttg.slice<{dim = 1, parent = #blocked2}>>
    %39 = tt.splat %16 : i32 -> tensor<128xi32, #ttg.slice<{dim = 1, parent = #blocked2}>>
    %40 = arith.addi %39, %38 : tensor<128xi32, #ttg.slice<{dim = 1, parent = #blocked2}>>
    %41 = ttg.convert_layout %40 : tensor<128xi32, #ttg.slice<{dim = 1, parent = #blocked2}>> -> tensor<128xi32, #ttg.slice<{dim = 1, parent = #blocked2}>>
    %42 = tt.make_range {end = 256 : i32, start = 0 : i32} : tensor<256xi32, #ttg.slice<{dim = 0, parent = #blocked2}>>
    %43 = tt.splat %17 : i32 -> tensor<256xi32, #ttg.slice<{dim = 0, parent = #blocked2}>>
    %44 = arith.addi %43, %42 : tensor<256xi32, #ttg.slice<{dim = 0, parent = #blocked2}>>
    %45 = ttg.convert_layout %44 : tensor<256xi32, #ttg.slice<{dim = 0, parent = #blocked2}>> -> tensor<256xi32, #ttg.slice<{dim = 0, parent = #blocked2}>>
    %46 = tt.splat %26 : i32 -> tensor<128xi32, #ttg.slice<{dim = 1, parent = #blocked2}>>
    %47 = arith.divsi %41, %46 : tensor<128xi32, #ttg.slice<{dim = 1, parent = #blocked2}>>
    %48 = arith.remsi %41, %46 : tensor<128xi32, #ttg.slice<{dim = 1, parent = #blocked2}>>
    %49 = tt.splat %arg8 : i32 -> tensor<128xi32, #ttg.slice<{dim = 1, parent = #blocked2}>>
    %50 = arith.divsi %48, %49 : tensor<128xi32, #ttg.slice<{dim = 1, parent = #blocked2}>>
    %51 = arith.remsi %48, %49 : tensor<128xi32, #ttg.slice<{dim = 1, parent = #blocked2}>>
    %52 = tt.expand_dims %47 {axis = 1 : i32} : tensor<128xi32, #ttg.slice<{dim = 1, parent = #blocked2}>> -> tensor<128x1xi32, #blocked2>
    %53 = tt.splat %arg15 : i32 -> tensor<128x1xi32, #blocked2>
    %54 = arith.muli %52, %53 : tensor<128x1xi32, #blocked2>
    %55 = tt.expand_dims %50 {axis = 1 : i32} : tensor<128xi32, #ttg.slice<{dim = 1, parent = #blocked2}>> -> tensor<128x1xi32, #blocked2>
    %56 = tt.splat %arg16 : i32 -> tensor<128x1xi32, #blocked2>
    %57 = arith.muli %55, %56 : tensor<128x1xi32, #blocked2>
    %58 = arith.addi %54, %57 : tensor<128x1xi32, #blocked2>
    %59 = tt.expand_dims %51 {axis = 1 : i32} : tensor<128xi32, #ttg.slice<{dim = 1, parent = #blocked2}>> -> tensor<128x1xi32, #blocked2>
    %60 = tt.splat %arg17 : i32 -> tensor<128x1xi32, #blocked2>
    %61 = arith.muli %59, %60 : tensor<128x1xi32, #blocked2>
    %62 = arith.addi %58, %61 : tensor<128x1xi32, #blocked2>
    %63 = tt.expand_dims %45 {axis = 0 : i32} : tensor<256xi32, #ttg.slice<{dim = 0, parent = #blocked2}>> -> tensor<1x256xi32, #blocked2>
    %64 = tt.broadcast %62 : tensor<128x1xi32, #blocked2> -> tensor<128x256xi32, #blocked2>
    %65 = tt.broadcast %63 : tensor<1x256xi32, #blocked2> -> tensor<128x256xi32, #blocked2>
    %66 = arith.addi %64, %65 : tensor<128x256xi32, #blocked2>
    %67 = ttg.convert_layout %66 : tensor<128x256xi32, #blocked2> -> tensor<128x256xi32, #blocked2>
    %68 = tt.expand_dims %41 {axis = 1 : i32} : tensor<128xi32, #ttg.slice<{dim = 1, parent = #blocked2}>> -> tensor<128x1xi32, #blocked2>
    %69 = tt.splat %2 : i32 -> tensor<128x1xi32, #blocked2>
    %70 = arith.cmpi slt, %68, %69 : tensor<128x1xi32, #blocked2>
    %71 = tt.splat %arg6 : i32 -> tensor<1x256xi32, #blocked2>
    %72 = arith.cmpi slt, %63, %71 : tensor<1x256xi32, #blocked2>
    %73 = tt.broadcast %70 : tensor<128x1xi1, #blocked2> -> tensor<128x256xi1, #blocked2>
    %74 = tt.broadcast %72 : tensor<1x256xi1, #blocked2> -> tensor<128x256xi1, #blocked2>
    %75 = arith.andi %73, %74 : tensor<128x256xi1, #blocked2>
    %76 = ttg.convert_layout %75 : tensor<128x256xi1, #blocked2> -> tensor<128x256xi1, #blocked2>
    %77 = ttg.convert_layout %37 : tensor<128x256xf16, #linear> -> tensor<128x256xf16, #blocked2>
    %78 = tt.splat %arg2 : !tt.ptr<f16> -> tensor<128x256x!tt.ptr<f16>, #blocked2>
    %79 = tt.addptr %78, %67 : tensor<128x256x!tt.ptr<f16>, #blocked2>, tensor<128x256xi32, #blocked2>
    tt.store %79, %77, %76 : tensor<128x256x!tt.ptr<f16>, #blocked2>
    tt.return
  }
}

{-#
  external_resources: {
    mlir_reproducer: {
      pipeline: "builtin.module(tritongpu-combine-tensor-select-and-if, tritongpu-allocate-warp-groups, convert-scf-to-cf, gluon-inline, allocate-shared-memory-nv{compute-capability=100 ptx-version=88}, triton-tensor-memory-allocation, triton-nvidia-check-matmul-two-cta, tritongpu-global-scratch-memory-allocation, triton-nvidia-gpu-proxy-fence-insertion{compute-capability=100}, convert-triton-gpu-to-llvm{compute-capability=100 ptx-version=88}, canonicalize{  max-iterations=10 max-num-rewrites=-1 region-simplify=normal test-convergence=false top-down=true}, cse, convert-nv-gpu-to-llvm, convert-warp-specialize-to-llvm, canonicalize{  max-iterations=10 max-num-rewrites=-1 region-simplify=normal test-convergence=false top-down=true}, cse, symbol-dce, convert-nvvm-to-llvm, enable-line-info)",
      disable_threading: true,
      verify_each: true
    }
  }
#-}
<unknown>:0: error: Failures have been detected while processing an MLIR pass pipeline
<unknown>:0: note: Pipeline failed while executing [`ConvertTritonGPUToLLVM` on 'builtin.module' operation]: reproducer generated at `std::errs, please share the reproducer above with Triton project.`
Parameters: N=128, H=64, W=64, C=384, K=384, R=3, S=3, stride=1, padding=1
Device: NVIDIA B200
Compute Capability: (10, 0)

Running Verification...
Traceback (most recent call last):
  File "/home/scratch.bingyiz_gpu_2/projects/triton/python/tutorials/gluon/implicit-gemm/./implicit_gemm_conv2d_simple_gluon.py", line 331, in <module>
    gluon_out = implicit_gemm_conv2d_gluon(x_nhwc, w_krsc, stride=stride, padding=padding)
                ^^^^^^^^^^^^^^^^^^^^^^^^^^^^^^^^^^^^^^^^^^^^^^^^^^^^^^^^^^^^^^^^^^^^^^^^^^
  File "/home/scratch.bingyiz_gpu_2/projects/triton/python/tutorials/gluon/implicit-gemm/./implicit_gemm_conv2d_simple_gluon.py", line 277, in implicit_gemm_conv2d_gluon
    implicit_gemm_conv2d_gluon_kernel[grid](
  File "/home/scratch.bingyiz_gpu_2/projects/triton/python/triton/runtime/jit.py", line 370, in <lambda>
    return lambda *args, **kwargs: self.run(grid=grid, warmup=False, *args, **kwargs)
                                   ^^^^^^^^^^^^^^^^^^^^^^^^^^^^^^^^^^^^^^^^^^^^^^^^^^
  File "/home/scratch.bingyiz_gpu_2/projects/triton/python/triton/runtime/jit.py", line 720, in run
    kernel = self._do_compile(key, signature, device, constexprs, options, attrs, warmup)
             ^^^^^^^^^^^^^^^^^^^^^^^^^^^^^^^^^^^^^^^^^^^^^^^^^^^^^^^^^^^^^^^^^^^^^^^^^^^^
  File "/home/scratch.bingyiz_gpu_2/projects/triton/python/triton/runtime/jit.py", line 849, in _do_compile
    kernel = self.compile(src, target=target, options=options.__dict__)
             ^^^^^^^^^^^^^^^^^^^^^^^^^^^^^^^^^^^^^^^^^^^^^^^^^^^^^^^^^^
  File "/home/scratch.bingyiz_gpu_2/projects/triton/python/triton/compiler/compiler.py", line 324, in compile
    next_module = compile_ir(module, metadata)
                  ^^^^^^^^^^^^^^^^^^^^^^^^^^^^
  File "/home/scratch.bingyiz_gpu_2/projects/triton/python/triton/backends/nvidia/compiler.py", line 544, in <lambda>
    stages["llir"] = lambda src, metadata: self.make_llir(src, metadata, options, capability)
                                           ^^^^^^^^^^^^^^^^^^^^^^^^^^^^^^^^^^^^^^^^^^^^^^^^^^
  File "/home/scratch.bingyiz_gpu_2/projects/triton/python/triton/backends/nvidia/compiler.py", line 378, in make_llir
    pm.run(mod, 'make_llir')
RuntimeError: PassManager::run failed
